# View available system resources

## top

> $ man top

The top program provides a dynamic real-time view of a running system.

## cpu - lscpu

> $ man lscpu

Display information about the CPU architecture

```
[osboxes@osboxes ~]$ lscpu
Architecture:          x86_64
CPU op-mode(s):        32-bit, 64-bit
Byte Order:            Little Endian
CPU(s):                4
On-line CPU(s) list:   0-3
Thread(s) per core:    1
Core(s) per socket:    1
Socket(s):             4
NUMA node(s):          1
Vendor ID:             GenuineIntel
CPU family:            6
Model:                 70
Model name:            Intel(R) Core(TM) i7-4850HQ CPU @ 2.30GHz
Stepping:              1
CPU MHz:               2293.008
BogoMIPS:              4586.01
Hypervisor vendor:     VMware
Virtualization type:   full
L1d cache:             32K
L1i cache:             32K
L2 cache:              256K
L3 cache:              6144K
L4 cache:              131072K
NUMA node0 CPU(s):     0-3
```

## memory

### free

> $ man free

Display amount of free and used memory in the system

```
[osboxes@osboxes ~]$ free
              total        used        free      shared  buff/cache   available
Mem:        3866948      772288     2565156       18832      529504     2811024
Swap:       4063228           0     4063228
[osboxes@osboxes ~]$ free -m <- list in megabyte
              total        used        free      shared  buff/cache   available
Mem:           3776         753        2505          18         517        2746
Swap:          3967           0        3967
```

### vmstat

> $ man vmstat

Report virtual memory statistics

```
[osboxes@osboxes ~]$ vmstat
procs -----------memory---------- ---swap-- -----io---- -system-- ------cpu-----
 r  b   swpd   free   buff  cache   si   so    bi    bo   in   cs us sy id wa st
 2  0      0 2564892   1368 528092    0    0     0     0   14    3  0  0 100  0  0
[osboxes@osboxes ~]$ vmstat 1 5 <- 1 is delay; 5 is count
procs -----------memory---------- ---swap-- -----io---- -system-- ------cpu-----
 r  b   swpd   free   buff  cache   si   so    bi    bo   in   cs us sy id wa st
 1  0      0 2564196   1368 528124    0    0     0     0   14    3  0  0 100  0  0
 0  0      0 2564348   1368 528124    0    0     0     0  235  502  2  0 98  0  0
 0  0      0 2564180   1368 528124    0    0     0     0  253  527  2  0 98  0  0
 1  0      0 2564348   1368 528124    0    0     0     0  205  431  2  0 98  0  0
 0  0      0 2564348   1368 528124    0    0     0     0  169  351  1  0 99  0  0
```

## disk space

### df

> $ man df

Report file system disk space usage

```
[osboxes@osboxes ~]$ df
Filesystem              1K-blocks    Used Available Use% Mounted on
/dev/mapper/centos-root  52403200 3581760  48821440   7% /
devtmpfs                  1917948       0   1917948   0% /dev
tmpfs                     1933472     156   1933316   1% /dev/shm
tmpfs                     1933472   17344   1916128   1% /run
tmpfs                     1933472       0   1933472   0% /sys/fs/cgroup
/dev/mapper/centos-home  47760604   37272  47723332   1% /home
/dev/sda1                  508588  160836    347752  32% /boot
tmpfs                      386696      16    386680   1% /run/user/1000
tmpfs                      386696       0    386696   0% /run/user/0
[osboxes@osboxes ~]$ df -h
Filesystem               Size  Used Avail Use% Mounted on
/dev/mapper/centos-root   50G  3.5G   47G   7% /
devtmpfs                 1.9G     0  1.9G   0% /dev
tmpfs                    1.9G  156K  1.9G   1% /dev/shm
tmpfs                    1.9G   17M  1.9G   1% /run
tmpfs                    1.9G     0  1.9G   0% /sys/fs/cgroup
/dev/mapper/centos-home   46G   37M   46G   1% /home
/dev/sda1                497M  158M  340M  32% /boot
tmpfs                    378M   16K  378M   1% /run/user/1000
tmpfs                    378M     0  378M   0% /run/user/0
[osboxes@osboxes ~]$ df -hT
Filesystem              Type      Size  Used Avail Use% Mounted on
/dev/mapper/centos-root xfs        50G  3.5G   47G   7% /
devtmpfs                devtmpfs  1.9G     0  1.9G   0% /dev
tmpfs                   tmpfs     1.9G  156K  1.9G   1% /dev/shm
tmpfs                   tmpfs     1.9G   17M  1.9G   1% /run
tmpfs                   tmpfs     1.9G     0  1.9G   0% /sys/fs/cgroup
/dev/mapper/centos-home xfs        46G   37M   46G   1% /home
/dev/sda1               xfs       497M  158M  340M  32% /boot
tmpfs                   tmpfs     378M   16K  378M   1% /run/user/1000
tmpfs                   tmpfs     378M     0  378M   0% /run/user/0
```

### du

Estimate file space usage. Summarize disk usage of each FILE, recursively for directories.

```
[osboxes@osboxes ~]$ du
3136	./.cache/tracker
0	./.cache/gnome-shell
4	./.cache/abrt
436	./.cache/gstreamer-1.0
16	./.cache/webkit/icondatabase
16	./.cache/webkit
4	./.cache/thumbnails/fail/gnome-thumbnail-factory
4	./.cache/thumbnails/fail
60	./.cache/thumbnails/normal
64	./.cache/thumbnails
3680	./.cache

[osboxes@osboxes ~]$ du -h <- -h human readable
3.1M	./.cache/tracker
0	./.cache/gnome-shell
4.0K	./.cache/abrt
436K	./.cache/gstreamer-1.0
16K	./.cache/webkit/icondatabase
16K	./.cache/webkit
4.0K	./.cache/thumbnails/fail/gnome-thumbnail-factory
4.0K	./.cache/thumbnails/fail
60K	./.cache/thumbnails/normal
64K	./.cache/thumbnails
3.6M	./.cache

[osboxes@osboxes ~]$ du -s <- summary
4220	.
[osboxes@osboxes ~]$ du -sh
4.2M	.
[osboxes@osboxes ~]$ du -sh /home/osboxes
4.2M	/home/osboxes
[osboxes@osboxes ~]$ du -sh /home/osboxes/*
64K	/home/osboxes/Commandline
4.0K	/home/osboxes/data
0	/home/osboxes/Desktop
0	/home/osboxes/Documents
0	/home/osboxes/Downloads
12K	/home/osboxes/example
0	/home/osboxes/Music
0	/home/osboxes/Pictures
0	/home/osboxes/Public
0	/home/osboxes/Templates
0	/home/osboxes/Videos
```

## sar

Collect, report, or save system activity information.

```
$ man sar

[osboxes@osboxes ~]$ sar <- show CPU information
[osboxes@osboxes ~]$ sar -p
Linux 3.10.0-327.el7.x86_64 (osboxes) 	12/02/2016 	_x86_64_	(4 CPU)
12:00:01 AM     CPU     %user     %nice   %system   %iowait    %steal     %idle
12:10:01 AM     all      0.07      0.00      0.08      0.00      0.00     99.85
12:20:01 AM     all      0.04      0.00      0.05      0.00      0.00     99.90
12:30:01 AM     all      0.04      0.00      0.05      0.00      0.00     99.90
12:40:01 AM     all      0.04      0.00      0.06      0.00      0.00     99.90
12:50:01 AM     all      0.04      0.00      0.06      0.00      0.00     99.89
01:00:01 AM     all      0.04      0.00      0.06      0.00      0.00     99.89
01:10:01 AM     all      0.06      0.00      0.08      0.00      0.00     99.86
01:20:01 AM     all      0.04      0.00      0.06      0.00      0.00     99.89

[osboxes@osboxes ~]$ sar -r <- show memory information
Linux 3.10.0-327.el7.x86_64 (osboxes) 	12/02/2016 	_x86_64_	(4 CPU)
12:00:01 AM kbmemfree kbmemused  %memused kbbuffers  kbcached  kbcommit   %commit  kbactive   kbinact   kbdirty
12:10:01 AM   2562196   1304752     33.74      1368    401528   2643676     33.34    753956    286720         0
12:20:01 AM   2561888   1305060     33.75      1368    401528   2643328     33.33    753712    286720         4
12:30:01 AM   2561820   1305128     33.75      1368    401536   2651992     33.44    754148    286724         0
12:40:01 AM   2561204   1305744     33.77      1368    401540   2643676     33.34    754124    286720         0
12:50:01 AM   2561808   1305140     33.75      1368    401544   2643456     33.33    753912    286720         0

[osboxes@osboxes ~]$ sar -b <- show transafer information
Linux 3.10.0-327.el7.x86_64 (osboxes) 	12/02/2016 	_x86_64_	(4 CPU)
12:00:01 AM       tps      rtps      wtps   bread/s   bwrtn/s
12:10:01 AM      0.09      0.00      0.09      0.00      0.79
12:20:01 AM      0.04      0.00      0.04      0.00      0.29
12:30:01 AM      0.06      0.00      0.06      0.00      0.49
12:40:01 AM      0.05      0.00      0.05      0.00      0.32
12:50:01 AM      0.06      0.00      0.06      0.00      0.41

[osboxes@osboxes ~]$ sar -d <- show disk usage
Linux 3.10.0-327.el7.x86_64 (osboxes) 	12/02/2016 	_x86_64_	(4 CPU)
12:00:01 AM       DEV       tps  rd_sec/s  wr_sec/s  avgrq-sz  avgqu-sz     await     svctm     %util
12:10:01 AM    dev8-0      0.09      0.00      0.79      8.58      0.00      0.62      0.33      0.00
12:10:01 AM  dev253-0      0.10      0.00      0.79      8.00      0.00      0.63      0.31      0.00
12:10:01 AM  dev253-1      0.00      0.00      0.00      0.00      0.00      0.00      0.00      0.00
12:10:01 AM  dev253-2      0.00      0.00      0.00      0.00      0.00      0.00      0.00      0.00
```

## others

```
$ ls <- ls tab tab to get a list of ls commands
ls        lscgroup  lslocks   lsmd      lspci     lsusb     
lsattr    lscpu     lslogins  lsmod     lsscsi    lsusb.py  
lsblk     lsinitrd  lsmcli    lsof      lssubsys  

$ lsblk <- list block devices
NAME            MAJ:MIN RM  SIZE RO TYPE MOUNTPOINT
sda               8:0    0  100G  0 disk 
├─sda1            8:1    0  500M  0 part /boot
└─sda2            8:2    0 99.5G  0 part 
  ├─centos-root 253:0    0   50G  0 lvm  /
  ├─centos-swap 253:1    0  3.9G  0 lvm  [SWAP]
  └─centos-home 253:2    0 45.6G  0 lvm  /home
sr0              11:0    1 1024M  0 rom  

$ lsusb <- list USB devices
Bus 002 Device 002: ID 0e0f:0003 VMware, Inc. Virtual Mouse
Bus 002 Device 003: ID 0e0f:0002 VMware, Inc. Virtual USB Hub
Bus 001 Device 001: ID 1d6b:0002 Linux Foundation 2.0 root hub
Bus 002 Device 001: ID 1d6b:0001 Linux Foundation 1.1 root hub
Bus 002 Device 005: ID 0e0f:0008 VMware, Inc. 

$ lspci <- list all PCI devices
```
